[2025-01-27T15:46:07.357+0000][gc,heap] Heap region size: 1M
[2025-01-27T15:46:07.366+0000][gc     ] Using G1
[2025-01-27T15:46:07.366+0000][gc,heap,coops] Heap address: 0x00000000c0000000, size: 1024 MB, Compressed Oops mode: 32-bit
[2025-01-27T15:46:07.366+0000][gc,cds       ] Mark closed archive regions in map: [0x00000000fff00000, 0x00000000fff6bff8]
[2025-01-27T15:46:07.366+0000][gc,cds       ] Mark open archive regions in map: [0x00000000ffe00000, 0x00000000ffe47ff8]
[2025-01-27T15:46:08.453+0000][gc,start     ] GC(0) Pause Young (Normal) (G1 Evacuation Pause)
[2025-01-27T15:46:08.453+0000][gc,task      ] GC(0) Using 2 workers of 2 for evacuation
[2025-01-27T15:46:08.464+0000][gc,phases    ] GC(0)   Pre Evacuate Collection Set: 0.0ms
[2025-01-27T15:46:08.464+0000][gc,phases    ] GC(0)   Evacuate Collection Set: 10.0ms
[2025-01-27T15:46:08.464+0000][gc,phases    ] GC(0)   Post Evacuate Collection Set: 0.3ms
[2025-01-27T15:46:08.464+0000][gc,phases    ] GC(0)   Other: 0.2ms
[2025-01-27T15:46:08.464+0000][gc,heap      ] GC(0) Eden regions: 51->0(44)
[2025-01-27T15:46:08.464+0000][gc,heap      ] GC(0) Survivor regions: 0->7(7)
[2025-01-27T15:46:08.464+0000][gc,heap      ] GC(0) Old regions: 2->2
[2025-01-27T15:46:08.464+0000][gc,heap      ] GC(0) Humongous regions: 0->0
[2025-01-27T15:46:08.464+0000][gc,metaspace ] GC(0) Metaspace: 16330K(17024K)->16330K(17024K) NonClass: 14146K(14592K)->14146K(14592K) Class: 2183K(2432K)->2183K(2432K)
[2025-01-27T15:46:08.464+0000][gc           ] GC(0) Pause Young (Normal) (G1 Evacuation Pause) 51M->6M(1024M) 10.554ms
[2025-01-27T15:46:08.464+0000][gc,cpu       ] GC(0) User=0.02s Sys=0.01s Real=0.00s
[2025-01-27T15:46:08.750+0000][gc,start     ] GC(1) Pause Young (Concurrent Start) (Metadata GC Threshold)
[2025-01-27T15:46:08.750+0000][gc,task      ] GC(1) Using 2 workers of 2 for evacuation
[2025-01-27T15:46:08.763+0000][gc,phases    ] GC(1)   Pre Evacuate Collection Set: 0.1ms
[2025-01-27T15:46:08.763+0000][gc,phases    ] GC(1)   Evacuate Collection Set: 11.8ms
[2025-01-27T15:46:08.763+0000][gc,phases    ] GC(1)   Post Evacuate Collection Set: 0.2ms
[2025-01-27T15:46:08.763+0000][gc,phases    ] GC(1)   Other: 0.2ms
[2025-01-27T15:46:08.763+0000][gc,heap      ] GC(1) Eden regions: 18->0(50)
[2025-01-27T15:46:08.763+0000][gc,heap      ] GC(1) Survivor regions: 7->1(7)
[2025-01-27T15:46:08.763+0000][gc,heap      ] GC(1) Old regions: 2->9
[2025-01-27T15:46:08.763+0000][gc,heap      ] GC(1) Humongous regions: 0->0
[2025-01-27T15:46:08.763+0000][gc,metaspace ] GC(1) Metaspace: 20589K(21248K)->20589K(21248K) NonClass: 17775K(18176K)->17775K(18176K) Class: 2814K(3072K)->2814K(3072K)
[2025-01-27T15:46:08.763+0000][gc           ] GC(1) Pause Young (Concurrent Start) (Metadata GC Threshold) 24M->7M(1024M) 12.408ms
[2025-01-27T15:46:08.763+0000][gc,cpu       ] GC(1) User=0.02s Sys=0.01s Real=0.01s
[2025-01-27T15:46:08.763+0000][gc           ] GC(2) Concurrent Cycle
[2025-01-27T15:46:08.763+0000][gc,marking   ] GC(2) Concurrent Clear Claimed Marks
[2025-01-27T15:46:08.763+0000][gc,marking   ] GC(2) Concurrent Clear Claimed Marks 0.028ms
[2025-01-27T15:46:08.763+0000][gc,marking   ] GC(2) Concurrent Scan Root Regions
[2025-01-27T15:46:08.764+0000][gc,marking   ] GC(2) Concurrent Scan Root Regions 1.684ms
[2025-01-27T15:46:08.765+0000][gc,marking   ] GC(2) Concurrent Mark (1.410s)
[2025-01-27T15:46:08.765+0000][gc,marking   ] GC(2) Concurrent Mark From Roots
[2025-01-27T15:46:08.765+0000][gc,task      ] GC(2) Using 1 workers of 1 for marking
[2025-01-27T15:46:08.782+0000][gc,marking   ] GC(2) Concurrent Mark From Roots 17.219ms
[2025-01-27T15:46:08.782+0000][gc,marking   ] GC(2) Concurrent Preclean
[2025-01-27T15:46:08.782+0000][gc,marking   ] GC(2) Concurrent Preclean 0.043ms
[2025-01-27T15:46:08.782+0000][gc,marking   ] GC(2) Concurrent Mark (1.410s, 1.427s) 17.304ms
[2025-01-27T15:46:08.783+0000][gc,start     ] GC(2) Pause Remark
[2025-01-27T15:46:08.785+0000][gc,stringtable] GC(2) Cleaned string and symbol table, strings: 5539 processed, 0 removed, symbols: 50603 processed, 50 removed
[2025-01-27T15:46:08.785+0000][gc            ] GC(2) Pause Remark 8M->8M(1024M) 2.822ms
[2025-01-27T15:46:08.785+0000][gc,cpu        ] GC(2) User=0.01s Sys=0.00s Real=0.01s
[2025-01-27T15:46:08.785+0000][gc,marking    ] GC(2) Concurrent Rebuild Remembered Sets
[2025-01-27T15:46:08.798+0000][gc,marking    ] GC(2) Concurrent Rebuild Remembered Sets 13.022ms
[2025-01-27T15:46:08.858+0000][gc,start      ] GC(2) Pause Cleanup
[2025-01-27T15:46:08.859+0000][gc            ] GC(2) Pause Cleanup 138M->138M(1024M) 0.364ms
[2025-01-27T15:46:08.859+0000][gc,cpu        ] GC(2) User=0.00s Sys=0.00s Real=0.00s
[2025-01-27T15:46:08.859+0000][gc,marking    ] GC(2) Concurrent Cleanup for Next Mark
[2025-01-27T15:46:08.899+0000][gc,marking    ] GC(2) Concurrent Cleanup for Next Mark 39.875ms
[2025-01-27T15:46:08.899+0000][gc            ] GC(2) Concurrent Cycle 136.335ms
[2025-01-27T15:46:09.617+0000][gc,start      ] GC(3) Pause Young (Normal) (G1 Evacuation Pause)
[2025-01-27T15:46:09.617+0000][gc,task       ] GC(3) Using 2 workers of 2 for evacuation
[2025-01-27T15:46:09.627+0000][gc,phases     ] GC(3)   Pre Evacuate Collection Set: 0.0ms
[2025-01-27T15:46:09.627+0000][gc,phases     ] GC(3)   Evacuate Collection Set: 9.0ms
[2025-01-27T15:46:09.627+0000][gc,phases     ] GC(3)   Post Evacuate Collection Set: 0.2ms
[2025-01-27T15:46:09.627+0000][gc,phases     ] GC(3)   Other: 0.2ms
[2025-01-27T15:46:09.627+0000][gc,heap       ] GC(3) Eden regions: 50->0(46)
[2025-01-27T15:46:09.627+0000][gc,heap       ] GC(3) Survivor regions: 1->5(7)
[2025-01-27T15:46:09.627+0000][gc,heap       ] GC(3) Old regions: 9->9
[2025-01-27T15:46:09.627+0000][gc,heap       ] GC(3) Humongous regions: 129->129
[2025-01-27T15:46:09.627+0000][gc,metaspace  ] GC(3) Metaspace: 30276K(31356K)->30276K(31356K) NonClass: 26550K(27136K)->26550K(27136K) Class: 3725K(4220K)->3725K(4220K)
[2025-01-27T15:46:09.627+0000][gc            ] GC(3) Pause Young (Normal) (G1 Evacuation Pause) 186M->140M(1024M) 9.449ms
[2025-01-27T15:46:09.627+0000][gc,cpu        ] GC(3) User=0.01s Sys=0.00s Real=0.01s
[2025-01-27T15:47:49.106+0000][gc,start      ] GC(4) Pause Young (Concurrent Start) (Metadata GC Threshold)
[2025-01-27T15:47:49.106+0000][gc,task       ] GC(4) Using 2 workers of 2 for evacuation
[2025-01-27T15:47:49.124+0000][gc,phases     ] GC(4)   Pre Evacuate Collection Set: 0.1ms
[2025-01-27T15:47:49.124+0000][gc,phases     ] GC(4)   Evacuate Collection Set: 18.1ms
[2025-01-27T15:47:49.124+0000][gc,phases     ] GC(4)   Post Evacuate Collection Set: 0.3ms
[2025-01-27T15:47:49.124+0000][gc,phases     ] GC(4)   Other: 0.2ms
[2025-01-27T15:47:49.124+0000][gc,heap       ] GC(4) Eden regions: 21->0(49)
[2025-01-27T15:47:49.124+0000][gc,heap       ] GC(4) Survivor regions: 5->2(7)
[2025-01-27T15:47:49.124+0000][gc,heap       ] GC(4) Old regions: 9->13
[2025-01-27T15:47:49.124+0000][gc,heap       ] GC(4) Humongous regions: 129->129
[2025-01-27T15:47:49.124+0000][gc,metaspace  ] GC(4) Metaspace: 34642K(36048K)->34642K(36048K) NonClass: 30225K(30932K)->30225K(30932K) Class: 4416K(5116K)->4416K(5116K)
[2025-01-27T15:47:49.124+0000][gc            ] GC(4) Pause Young (Concurrent Start) (Metadata GC Threshold) 161M->141M(1024M) 18.772ms
[2025-01-27T15:47:49.124+0000][gc,cpu        ] GC(4) User=0.04s Sys=0.01s Real=0.01s
[2025-01-27T15:47:49.125+0000][gc            ] GC(5) Concurrent Cycle
[2025-01-27T15:47:49.125+0000][gc,marking    ] GC(5) Concurrent Clear Claimed Marks
[2025-01-27T15:47:49.125+0000][gc,marking    ] GC(5) Concurrent Clear Claimed Marks 0.060ms
[2025-01-27T15:47:49.125+0000][gc,marking    ] GC(5) Concurrent Scan Root Regions
[2025-01-27T15:47:49.126+0000][gc,marking    ] GC(5) Concurrent Scan Root Regions 1.217ms
[2025-01-27T15:47:49.126+0000][gc,marking    ] GC(5) Concurrent Mark (101.771s)
[2025-01-27T15:47:49.126+0000][gc,marking    ] GC(5) Concurrent Mark From Roots
[2025-01-27T15:47:49.126+0000][gc,task       ] GC(5) Using 1 workers of 1 for marking
[2025-01-27T15:47:49.164+0000][gc,marking    ] GC(5) Concurrent Mark From Roots 38.255ms
[2025-01-27T15:47:49.164+0000][gc,marking    ] GC(5) Concurrent Preclean
[2025-01-27T15:47:49.164+0000][gc,marking    ] GC(5) Concurrent Preclean 0.067ms
[2025-01-27T15:47:49.164+0000][gc,marking    ] GC(5) Concurrent Mark (101.771s, 101.810s) 38.370ms
[2025-01-27T15:47:49.164+0000][gc,start      ] GC(5) Pause Remark
[2025-01-27T15:47:49.171+0000][gc,stringtable] GC(5) Cleaned string and symbol table, strings: 9952 processed, 11 removed, symbols: 80426 processed, 25 removed
[2025-01-27T15:47:49.172+0000][gc            ] GC(5) Pause Remark 143M->143M(1024M) 7.129ms
[2025-01-27T15:47:49.172+0000][gc,cpu        ] GC(5) User=0.01s Sys=0.00s Real=0.01s
[2025-01-27T15:47:49.172+0000][gc,marking    ] GC(5) Concurrent Rebuild Remembered Sets
[2025-01-27T15:47:49.184+0000][gc,marking    ] GC(5) Concurrent Rebuild Remembered Sets 12.770ms
[2025-01-27T15:47:49.185+0000][gc,start      ] GC(5) Pause Cleanup
[2025-01-27T15:47:49.185+0000][gc            ] GC(5) Pause Cleanup 143M->143M(1024M) 0.278ms
[2025-01-27T15:47:49.185+0000][gc,cpu        ] GC(5) User=0.00s Sys=0.00s Real=0.00s
[2025-01-27T15:47:49.185+0000][gc,marking    ] GC(5) Concurrent Cleanup for Next Mark
[2025-01-27T15:47:49.206+0000][gc,marking    ] GC(5) Concurrent Cleanup for Next Mark 21.294ms
[2025-01-27T15:47:49.207+0000][gc            ] GC(5) Concurrent Cycle 81.989ms
[2025-01-27T16:07:41.393+0000][gc,start      ] GC(6) Pause Young (Normal) (G1 Evacuation Pause)
[2025-01-27T16:07:41.394+0000][gc,task       ] GC(6) Using 2 workers of 2 for evacuation
[2025-01-27T16:07:41.401+0000][gc,phases     ] GC(6)   Pre Evacuate Collection Set: 0.0ms
[2025-01-27T16:07:41.401+0000][gc,phases     ] GC(6)   Evacuate Collection Set: 7.2ms
[2025-01-27T16:07:41.401+0000][gc,phases     ] GC(6)   Post Evacuate Collection Set: 0.3ms
[2025-01-27T16:07:41.401+0000][gc,phases     ] GC(6)   Other: 0.7ms
[2025-01-27T16:07:41.401+0000][gc,heap       ] GC(6) Eden regions: 49->0(47)
[2025-01-27T16:07:41.401+0000][gc,heap       ] GC(6) Survivor regions: 2->4(7)
[2025-01-27T16:07:41.401+0000][gc,heap       ] GC(6) Old regions: 13->13
[2025-01-27T16:07:41.401+0000][gc,heap       ] GC(6) Humongous regions: 129->129
[2025-01-27T16:07:41.401+0000][gc,metaspace  ] GC(6) Metaspace: 38502K(40528K)->38502K(40528K) NonClass: 33484K(34516K)->33484K(34516K) Class: 5018K(6012K)->5018K(6012K)
[2025-01-27T16:07:41.401+0000][gc            ] GC(6) Pause Young (Normal) (G1 Evacuation Pause) 190M->143M(1024M) 8.269ms
[2025-01-27T16:07:41.401+0000][gc,cpu        ] GC(6) User=0.02s Sys=0.00s Real=0.00s
[2025-01-27T16:08:16.503+0000][gc,start      ] GC(7) Pause Young (Normal) (G1 Evacuation Pause)
[2025-01-27T16:08:16.503+0000][gc,task       ] GC(7) Using 2 workers of 2 for evacuation
[2025-01-27T16:08:16.510+0000][gc,phases     ] GC(7)   Pre Evacuate Collection Set: 0.0ms
[2025-01-27T16:08:16.510+0000][gc,phases     ] GC(7)   Evacuate Collection Set: 6.1ms
[2025-01-27T16:08:16.510+0000][gc,phases     ] GC(7)   Post Evacuate Collection Set: 0.5ms
[2025-01-27T16:08:16.510+0000][gc,phases     ] GC(7)   Other: 0.2ms
[2025-01-27T16:08:16.510+0000][gc,heap       ] GC(7) Eden regions: 47->0(47)
[2025-01-27T16:08:16.510+0000][gc,heap       ] GC(7) Survivor regions: 4->4(7)
[2025-01-27T16:08:16.510+0000][gc,heap       ] GC(7) Old regions: 13->13
[2025-01-27T16:08:16.510+0000][gc,heap       ] GC(7) Humongous regions: 129->129
[2025-01-27T16:08:16.510+0000][gc,metaspace  ] GC(7) Metaspace: 38934K(41040K)->38934K(41040K) NonClass: 33916K(35028K)->33916K(35028K) Class: 5018K(6012K)->5018K(6012K)
[2025-01-27T16:08:16.510+0000][gc            ] GC(7) Pause Young (Normal) (G1 Evacuation Pause) 190M->144M(1024M) 6.842ms
[2025-01-27T16:08:16.510+0000][gc,cpu        ] GC(7) User=0.02s Sys=0.00s Real=0.01s
[2025-01-27T16:09:09.237+0000][gc,start      ] GC(8) Pause Young (Normal) (G1 Evacuation Pause)
[2025-01-27T16:09:09.237+0000][gc,task       ] GC(8) Using 2 workers of 2 for evacuation
[2025-01-27T16:09:09.244+0000][gc,phases     ] GC(8)   Pre Evacuate Collection Set: 0.0ms
[2025-01-27T16:09:09.244+0000][gc,phases     ] GC(8)   Evacuate Collection Set: 6.4ms
[2025-01-27T16:09:09.244+0000][gc,phases     ] GC(8)   Post Evacuate Collection Set: 0.6ms
[2025-01-27T16:09:09.244+0000][gc,phases     ] GC(8)   Other: 0.2ms
[2025-01-27T16:09:09.244+0000][gc,heap       ] GC(8) Eden regions: 47->0(47)
[2025-01-27T16:09:09.244+0000][gc,heap       ] GC(8) Survivor regions: 4->4(7)
[2025-01-27T16:09:09.244+0000][gc,heap       ] GC(8) Old regions: 13->13
[2025-01-27T16:09:09.244+0000][gc,heap       ] GC(8) Humongous regions: 129->129
[2025-01-27T16:09:09.244+0000][gc,metaspace  ] GC(8) Metaspace: 39023K(41040K)->39023K(41040K) NonClass: 33996K(35028K)->33996K(35028K) Class: 5026K(6012K)->5026K(6012K)
[2025-01-27T16:09:09.244+0000][gc            ] GC(8) Pause Young (Normal) (G1 Evacuation Pause) 191M->144M(1024M) 7.308ms
[2025-01-27T16:09:09.244+0000][gc,cpu        ] GC(8) User=0.01s Sys=0.00s Real=0.00s
[2025-01-27T16:11:03.874+0000][gc,start      ] GC(9) Pause Young (Normal) (G1 Evacuation Pause)
[2025-01-27T16:11:03.874+0000][gc,task       ] GC(9) Using 2 workers of 2 for evacuation
[2025-01-27T16:11:03.882+0000][gc,phases     ] GC(9)   Pre Evacuate Collection Set: 0.0ms
[2025-01-27T16:11:03.882+0000][gc,phases     ] GC(9)   Evacuate Collection Set: 6.9ms
[2025-01-27T16:11:03.882+0000][gc,phases     ] GC(9)   Post Evacuate Collection Set: 0.5ms
[2025-01-27T16:11:03.882+0000][gc,phases     ] GC(9)   Other: 0.2ms
[2025-01-27T16:11:03.882+0000][gc,heap       ] GC(9) Eden regions: 47->0(47)
[2025-01-27T16:11:03.882+0000][gc,heap       ] GC(9) Survivor regions: 4->4(7)
[2025-01-27T16:11:03.882+0000][gc,heap       ] GC(9) Old regions: 13->13
[2025-01-27T16:11:03.882+0000][gc,heap       ] GC(9) Humongous regions: 129->129
[2025-01-27T16:11:03.882+0000][gc,metaspace  ] GC(9) Metaspace: 39728K(41936K)->39728K(41936K) NonClass: 34600K(35796K)->34600K(35796K) Class: 5127K(6140K)->5127K(6140K)
[2025-01-27T16:11:03.882+0000][gc            ] GC(9) Pause Young (Normal) (G1 Evacuation Pause) 191M->144M(1024M) 7.743ms
[2025-01-27T16:11:03.882+0000][gc,cpu        ] GC(9) User=0.01s Sys=0.01s Real=0.00s
[2025-01-27T16:11:46.367+0000][gc,start      ] GC(10) Pause Young (Normal) (G1 Evacuation Pause)
[2025-01-27T16:11:46.367+0000][gc,task       ] GC(10) Using 2 workers of 2 for evacuation
[2025-01-27T16:11:46.375+0000][gc,phases     ] GC(10)   Pre Evacuate Collection Set: 0.0ms
[2025-01-27T16:11:46.375+0000][gc,phases     ] GC(10)   Evacuate Collection Set: 6.6ms
[2025-01-27T16:11:46.375+0000][gc,phases     ] GC(10)   Post Evacuate Collection Set: 0.5ms
[2025-01-27T16:11:46.375+0000][gc,phases     ] GC(10)   Other: 0.2ms
[2025-01-27T16:11:46.375+0000][gc,heap       ] GC(10) Eden regions: 47->0(47)
[2025-01-27T16:11:46.375+0000][gc,heap       ] GC(10) Survivor regions: 4->4(7)
[2025-01-27T16:11:46.375+0000][gc,heap       ] GC(10) Old regions: 13->13
[2025-01-27T16:11:46.375+0000][gc,heap       ] GC(10) Humongous regions: 129->129
[2025-01-27T16:11:46.375+0000][gc,metaspace  ] GC(10) Metaspace: 39796K(41936K)->39796K(41936K) NonClass: 34667K(35796K)->34667K(35796K) Class: 5128K(6140K)->5128K(6140K)
[2025-01-27T16:11:46.375+0000][gc            ] GC(10) Pause Young (Normal) (G1 Evacuation Pause) 191M->144M(1024M) 7.477ms
[2025-01-27T16:11:46.375+0000][gc,cpu        ] GC(10) User=0.01s Sys=0.00s Real=0.01s
[2025-01-27T16:12:29.001+0000][gc,start      ] GC(11) Pause Young (Normal) (G1 Evacuation Pause)
[2025-01-27T16:12:29.001+0000][gc,task       ] GC(11) Using 2 workers of 2 for evacuation
[2025-01-27T16:12:29.009+0000][gc,phases     ] GC(11)   Pre Evacuate Collection Set: 0.0ms
[2025-01-27T16:12:29.009+0000][gc,phases     ] GC(11)   Evacuate Collection Set: 6.8ms
[2025-01-27T16:12:29.009+0000][gc,phases     ] GC(11)   Post Evacuate Collection Set: 0.5ms
[2025-01-27T16:12:29.009+0000][gc,phases     ] GC(11)   Other: 0.2ms
[2025-01-27T16:12:29.009+0000][gc,heap       ] GC(11) Eden regions: 47->0(47)
[2025-01-27T16:12:29.009+0000][gc,heap       ] GC(11) Survivor regions: 4->4(7)
[2025-01-27T16:12:29.009+0000][gc,heap       ] GC(11) Old regions: 13->13
[2025-01-27T16:12:29.009+0000][gc,heap       ] GC(11) Humongous regions: 129->129
[2025-01-27T16:12:29.009+0000][gc,metaspace  ] GC(11) Metaspace: 39805K(41936K)->39805K(41936K) NonClass: 34676K(35796K)->34676K(35796K) Class: 5128K(6140K)->5128K(6140K)
[2025-01-27T16:12:29.009+0000][gc            ] GC(11) Pause Young (Normal) (G1 Evacuation Pause) 191M->144M(1024M) 7.571ms
[2025-01-27T16:12:29.009+0000][gc,cpu        ] GC(11) User=0.02s Sys=0.00s Real=0.01s
[2025-01-27T16:13:11.138+0000][gc,start      ] GC(12) Pause Young (Normal) (G1 Evacuation Pause)
[2025-01-27T16:13:11.138+0000][gc,task       ] GC(12) Using 2 workers of 2 for evacuation
[2025-01-27T16:13:11.146+0000][gc,phases     ] GC(12)   Pre Evacuate Collection Set: 0.0ms
[2025-01-27T16:13:11.146+0000][gc,phases     ] GC(12)   Evacuate Collection Set: 7.2ms
[2025-01-27T16:13:11.146+0000][gc,phases     ] GC(12)   Post Evacuate Collection Set: 0.3ms
[2025-01-27T16:13:11.146+0000][gc,phases     ] GC(12)   Other: 0.2ms
[2025-01-27T16:13:11.146+0000][gc,heap       ] GC(12) Eden regions: 47->0(48)
[2025-01-27T16:13:11.146+0000][gc,heap       ] GC(12) Survivor regions: 4->3(7)
[2025-01-27T16:13:11.146+0000][gc,heap       ] GC(12) Old regions: 13->14
[2025-01-27T16:13:11.146+0000][gc,heap       ] GC(12) Humongous regions: 129->129
[2025-01-27T16:13:11.146+0000][gc,metaspace  ] GC(12) Metaspace: 39816K(41936K)->39816K(41936K) NonClass: 34687K(35796K)->34687K(35796K) Class: 5128K(6140K)->5128K(6140K)
[2025-01-27T16:13:11.146+0000][gc            ] GC(12) Pause Young (Normal) (G1 Evacuation Pause) 191M->144M(1024M) 7.804ms
[2025-01-27T16:13:11.146+0000][gc,cpu        ] GC(12) User=0.01s Sys=0.00s Real=0.01s
[2025-01-27T16:13:56.498+0000][gc,start      ] GC(13) Pause Young (Normal) (G1 Evacuation Pause)
[2025-01-27T16:13:56.499+0000][gc,task       ] GC(13) Using 2 workers of 2 for evacuation
[2025-01-27T16:13:56.505+0000][gc,phases     ] GC(13)   Pre Evacuate Collection Set: 0.0ms
[2025-01-27T16:13:56.505+0000][gc,phases     ] GC(13)   Evacuate Collection Set: 5.2ms
[2025-01-27T16:13:56.505+0000][gc,phases     ] GC(13)   Post Evacuate Collection Set: 0.5ms
[2025-01-27T16:13:56.505+0000][gc,phases     ] GC(13)   Other: 0.7ms
[2025-01-27T16:13:56.505+0000][gc,heap       ] GC(13) Eden regions: 48->0(48)
[2025-01-27T16:13:56.505+0000][gc,heap       ] GC(13) Survivor regions: 3->3(7)
[2025-01-27T16:13:56.505+0000][gc,heap       ] GC(13) Old regions: 14->14
[2025-01-27T16:13:56.505+0000][gc,heap       ] GC(13) Humongous regions: 129->129
[2025-01-27T16:13:56.505+0000][gc,metaspace  ] GC(13) Metaspace: 39826K(41936K)->39826K(41936K) NonClass: 34697K(35796K)->34697K(35796K) Class: 5128K(6140K)->5128K(6140K)
[2025-01-27T16:13:56.505+0000][gc            ] GC(13) Pause Young (Normal) (G1 Evacuation Pause) 192M->144M(1024M) 6.510ms
[2025-01-27T16:13:56.505+0000][gc,cpu        ] GC(13) User=0.01s Sys=0.00s Real=0.01s
[2025-01-27T16:14:41.918+0000][gc,start      ] GC(14) Pause Young (Normal) (G1 Evacuation Pause)
[2025-01-27T16:14:41.918+0000][gc,task       ] GC(14) Using 2 workers of 2 for evacuation
[2025-01-27T16:14:41.929+0000][gc,phases     ] GC(14)   Pre Evacuate Collection Set: 0.0ms
[2025-01-27T16:14:41.929+0000][gc,phases     ] GC(14)   Evacuate Collection Set: 10.4ms
[2025-01-27T16:14:41.929+0000][gc,phases     ] GC(14)   Post Evacuate Collection Set: 0.6ms
[2025-01-27T16:14:41.929+0000][gc,phases     ] GC(14)   Other: 0.2ms
[2025-01-27T16:14:41.929+0000][gc,heap       ] GC(14) Eden regions: 48->0(49)
[2025-01-27T16:14:41.929+0000][gc,heap       ] GC(14) Survivor regions: 3->3(7)
[2025-01-27T16:14:41.929+0000][gc,heap       ] GC(14) Old regions: 14->14
[2025-01-27T16:14:41.929+0000][gc,heap       ] GC(14) Humongous regions: 129->129
[2025-01-27T16:14:41.929+0000][gc,metaspace  ] GC(14) Metaspace: 39851K(41936K)->39851K(41936K) NonClass: 34722K(35796K)->34722K(35796K) Class: 5128K(6140K)->5128K(6140K)
[2025-01-27T16:14:41.929+0000][gc            ] GC(14) Pause Young (Normal) (G1 Evacuation Pause) 192M->144M(1024M) 11.356ms
[2025-01-27T16:14:41.929+0000][gc,cpu        ] GC(14) User=0.01s Sys=0.00s Real=0.01s
[2025-01-27T16:15:27.645+0000][gc,start      ] GC(15) Pause Young (Normal) (G1 Evacuation Pause)
[2025-01-27T16:15:27.645+0000][gc,task       ] GC(15) Using 2 workers of 2 for evacuation
[2025-01-27T16:15:27.651+0000][gc,phases     ] GC(15)   Pre Evacuate Collection Set: 0.0ms
[2025-01-27T16:15:27.651+0000][gc,phases     ] GC(15)   Evacuate Collection Set: 5.3ms
[2025-01-27T16:15:27.651+0000][gc,phases     ] GC(15)   Post Evacuate Collection Set: 0.5ms
[2025-01-27T16:15:27.651+0000][gc,phases     ] GC(15)   Other: 0.2ms
[2025-01-27T16:15:27.651+0000][gc,heap       ] GC(15) Eden regions: 49->0(54)
[2025-01-27T16:15:27.651+0000][gc,heap       ] GC(15) Survivor regions: 3->4(7)
[2025-01-27T16:15:27.651+0000][gc,heap       ] GC(15) Old regions: 14->14
[2025-01-27T16:15:27.651+0000][gc,heap       ] GC(15) Humongous regions: 129->129
[2025-01-27T16:15:27.651+0000][gc,metaspace  ] GC(15) Metaspace: 39870K(41936K)->39870K(41936K) NonClass: 34741K(35796K)->34741K(35796K) Class: 5128K(6140K)->5128K(6140K)
[2025-01-27T16:15:27.651+0000][gc            ] GC(15) Pause Young (Normal) (G1 Evacuation Pause) 193M->144M(1024M) 6.067ms
[2025-01-27T16:15:27.651+0000][gc,cpu        ] GC(15) User=0.01s Sys=0.00s Real=0.00s
