[2025-01-27T15:45:51.461+0000][gc,heap] Heap region size: 1M
[2025-01-27T15:45:51.466+0000][gc     ] Using G1
[2025-01-27T15:45:51.466+0000][gc,heap,coops] Heap address: 0x00000000e0000000, size: 512 MB, Compressed Oops mode: 32-bit
[2025-01-27T15:45:51.466+0000][gc,cds       ] Mark closed archive regions in map: [0x00000000fff00000, 0x00000000fff6bff8]
[2025-01-27T15:45:51.466+0000][gc,cds       ] Mark open archive regions in map: [0x00000000ffe00000, 0x00000000ffe47ff8]
[2025-01-27T15:46:09.738+0000][gc,start     ] GC(0) Pause Young (Normal) (G1 Evacuation Pause)
[2025-01-27T15:46:09.744+0000][gc,task      ] GC(0) Using 2 workers of 2 for evacuation
[2025-01-27T15:46:09.778+0000][gc,mmu       ] GC(0) MMU target violated: 21.0ms (20.0ms/21.0ms)
[2025-01-27T15:46:09.778+0000][gc,phases    ] GC(0)   Pre Evacuate Collection Set: 0.0ms
[2025-01-27T15:46:09.778+0000][gc,phases    ] GC(0)   Evacuate Collection Set: 33.4ms
[2025-01-27T15:46:09.778+0000][gc,phases    ] GC(0)   Post Evacuate Collection Set: 0.4ms
[2025-01-27T15:46:09.778+0000][gc,phases    ] GC(0)   Other: 6.4ms
[2025-01-27T15:46:09.778+0000][gc,heap      ] GC(0) Eden regions: 25->0(21)
[2025-01-27T15:46:09.778+0000][gc,heap      ] GC(0) Survivor regions: 0->4(4)
[2025-01-27T15:46:09.778+0000][gc,heap      ] GC(0) Old regions: 2->4
[2025-01-27T15:46:09.778+0000][gc,heap      ] GC(0) Humongous regions: 0->0
[2025-01-27T15:46:09.778+0000][gc,metaspace ] GC(0) Metaspace: 7960K(8448K)->7960K(8448K) NonClass: 7061K(7424K)->7061K(7424K) Class: 898K(1024K)->898K(1024K)
[2025-01-27T15:46:09.778+0000][gc           ] GC(0) Pause Young (Normal) (G1 Evacuation Pause) 25M->6M(512M) 40.450ms
[2025-01-27T15:46:09.778+0000][gc,cpu       ] GC(0) User=0.02s Sys=0.00s Real=0.04s
